<testsuites name="results">
  <testsuite name="all" package="all">
    <property name="random_seed" value="1652552498" />
    <testcase name="test_PrimitiveCalculator" classname="test.test_PrimitiveCalculator" file="/home/emre/ASIC/openlane/designs/PrimitiveCalculator/test/test_PrimitiveCalculator.py" lineno="18" time="0.04567241668701172" sim_time_ns="1475001.0" ratio_time="32295225.586769957" />
  </testsuite>
</testsuites>
